// Jest Snapshot v1, https://goo.gl/fbAQLP

exports[`BetSlipCard should display 1`] = `
<div
  className="sc-bdfBwQ gLVMJf App-Card-Container"
>
  <div
    className="MuiPaper-root MuiCard-root sc-dlfnbm cjxqrX App-Card MuiPaper-elevation1 MuiPaper-rounded"
  >
    <div
      className="MuiCardHeader-root sc-hKgILt imFPJk"
    >
      <div
        className="MuiCardHeader-content"
      >
        <span
          className="MuiTypography-root MuiCardHeader-title MuiTypography-h5 MuiTypography-displayBlock"
        >
          Real Madrid vs Barcelona
        </span>
      </div>
    </div>
    <div
      className="MuiCardContent-root sc-gsTCUz cGrEgD"
    >
      <div>
        <p
          className="MuiTypography-root sc-eCssSg bpBTPk MuiTypography-body1 MuiTypography-colorTextSecondary"
        >
          Team to Win
        </p>
        <div
          className="sc-jSgupP ijWiAc"
        >
          <button
            className="MuiButtonBase-root MuiButton-root MuiButton-contained sc-gKsewC gOjfaO"
            disabled={false}
            onBlur={[Function]}
            onClick={[Function]}
            onDragLeave={[Function]}
            onFocus={[Function]}
            onKeyDown={[Function]}
            onKeyUp={[Function]}
            onMouseDown={[Function]}
            onMouseLeave={[Function]}
            onMouseUp={[Function]}
            onTouchEnd={[Function]}
            onTouchMove={[Function]}
            onTouchStart={[Function]}
            selected={true}
            tabIndex={0}
            type="button"
          >
            <span
              className="MuiButton-label"
            >
              <span
                className="sc-iBPRYJ sc-fubCfw iAxsnn gdJcHj"
              >
                Real Madrid
              </span>
              <span
                className="sc-iBPRYJ sc-pFZIQ iAxsnn kFCyEs"
              >
                1.23
              </span>
            </span>
            <span
              className="MuiTouchRipple-root"
            />
          </button>
          <button
            className="MuiButtonBase-root MuiButton-root MuiButton-contained sc-gKsewC cCEpzu"
            disabled={false}
            onBlur={[Function]}
            onClick={[Function]}
            onDragLeave={[Function]}
            onFocus={[Function]}
            onKeyDown={[Function]}
            onKeyUp={[Function]}
            onMouseDown={[Function]}
            onMouseLeave={[Function]}
            onMouseUp={[Function]}
            onTouchEnd={[Function]}
            onTouchMove={[Function]}
            onTouchStart={[Function]}
            selected={false}
            tabIndex={0}
            type="button"
          >
            <span
              className="MuiButton-label"
            >
              <span
                className="sc-iBPRYJ sc-fubCfw iAxsnn gdJcHj"
              >
                Barcelona
              </span>
              <span
                className="sc-iBPRYJ sc-pFZIQ iAxsnn kFCyEs"
              >
                2.05
              </span>
            </span>
            <span
              className="MuiTouchRipple-root"
            />
          </button>
        </div>
      </div>
    </div>
  </div>
</div>
`;
